// Vitest Snapshot v1, https://vitest.dev/guide/snapshot.html

exports[`should render pages/ShoppingCart component 1`] = `
{
  "asFragment": [Function],
  "baseElement": <body>
    <div>
      <div
        class="h-screen bg-gray-100"
      >
        <div
          class="bg-blue-400 text-center text-white p-2 flex justify-center items-center"
        >
          <a
            class="text-white hover:text-white absolute left-3"
            href="/experiences"
          >
            <svg
              class="size-6"
              fill="none"
              stroke="currentColor"
              stroke-width="1.5"
              viewBox="0 0 24 24"
              xmlns="http://www.w3.org/2000/svg"
            >
              <path
                d="M9 15 3 9m0 0 6-6M3 9h12a6 6 0 0 1 0 12h-3"
                stroke-linecap="round"
                stroke-linejoin="round"
              />
            </svg>
          </a>
          <div
            class="text-4xl"
          >
            Shopping Cart
          </div>
        </div>
        <div
          class="p-10 flex flex-col md:flex-row justify-center gap-5"
        />
      </div>
    </div>
  </body>,
  "container": <div>
    <div
      class="h-screen bg-gray-100"
    >
      <div
        class="bg-blue-400 text-center text-white p-2 flex justify-center items-center"
      >
        <a
          class="text-white hover:text-white absolute left-3"
          href="/experiences"
        >
          <svg
            class="size-6"
            fill="none"
            stroke="currentColor"
            stroke-width="1.5"
            viewBox="0 0 24 24"
            xmlns="http://www.w3.org/2000/svg"
          >
            <path
              d="M9 15 3 9m0 0 6-6M3 9h12a6 6 0 0 1 0 12h-3"
              stroke-linecap="round"
              stroke-linejoin="round"
            />
          </svg>
        </a>
        <div
          class="text-4xl"
        >
          Shopping Cart
        </div>
      </div>
      <div
        class="p-10 flex flex-col md:flex-row justify-center gap-5"
      />
    </div>
  </div>,
  "debug": [Function],
  "findAllByAltText": [Function],
  "findAllByDisplayValue": [Function],
  "findAllByLabelText": [Function],
  "findAllByPlaceholderText": [Function],
  "findAllByRole": [Function],
  "findAllByTestId": [Function],
  "findAllByText": [Function],
  "findAllByTitle": [Function],
  "findByAltText": [Function],
  "findByDisplayValue": [Function],
  "findByLabelText": [Function],
  "findByPlaceholderText": [Function],
  "findByRole": [Function],
  "findByTestId": [Function],
  "findByText": [Function],
  "findByTitle": [Function],
  "getAllByAltText": [Function],
  "getAllByDisplayValue": [Function],
  "getAllByLabelText": [Function],
  "getAllByPlaceholderText": [Function],
  "getAllByRole": [Function],
  "getAllByTestId": [Function],
  "getAllByText": [Function],
  "getAllByTitle": [Function],
  "getByAltText": [Function],
  "getByDisplayValue": [Function],
  "getByLabelText": [Function],
  "getByPlaceholderText": [Function],
  "getByRole": [Function],
  "getByTestId": [Function],
  "getByText": [Function],
  "getByTitle": [Function],
  "queryAllByAltText": [Function],
  "queryAllByDisplayValue": [Function],
  "queryAllByLabelText": [Function],
  "queryAllByPlaceholderText": [Function],
  "queryAllByRole": [Function],
  "queryAllByTestId": [Function],
  "queryAllByText": [Function],
  "queryAllByTitle": [Function],
  "queryByAltText": [Function],
  "queryByDisplayValue": [Function],
  "queryByLabelText": [Function],
  "queryByPlaceholderText": [Function],
  "queryByRole": [Function],
  "queryByTestId": [Function],
  "queryByText": [Function],
  "queryByTitle": [Function],
  "rerender": [Function],
  "unmount": [Function],
}
`;
