// Vitest Snapshot v1, https://vitest.dev/guide/snapshot.html

exports[`should render pages/Movie component 1`] = `
{
  "asFragment": [Function],
  "baseElement": <body>
    <div>
      <div
        class="flex flex-col h-screen"
      >
        <div
          class="h-[60px]"
        >
          <div
            class="flex justify-between items-center bg-blue-500 h-full p-2"
          >
            <a
              class="ms-5 flex items-center"
              href="/"
            >
              <img
                class="w-[40px]"
                src="/images/film-roll.png"
              />
              <h1
                class="ms-3 text-2xl font-bold text-blue-900"
              >
                Cinema
              </h1>
            </a>
            <div
              class="me-5"
            >
              <a
                class="text-white hover:text-white hover:underline me-5 bg-transparent p-2"
                href="/"
              >
                Home
              </a>
              <a
                class="text-white hover:text-white hover:underline me-5 bg-transparent p-2"
                href="/favorites"
              >
                Favorites
              </a>
            </div>
          </div>
        </div>
        <div
          class="h-full"
        >
          <div
            class="text-white min-h-full"
          >
            <h1
              class="text-center bg-blue-900 w-full mb-5 p-5"
              style="transform: translateY(-100%) translateZ(0);"
            >
              The Garfield Movie
            </h1>
            <div
              class="flex justify-around pb-6 overflow-hidden"
            >
              <div
                style="display: none; transform: translateX(-100%) translateZ(0);"
              >
                <img
                  class="rounded-lg w-[220px] h-[350px]"
                  src="/images/the-garfield-movie.jpg"
                />
                <p
                  class="m-2"
                >
                  Runtime: 
                  1h 41m
                </p>
                <p
                  class="m-2"
                >
                  Release Date: 
                  24 May 2024
                </p>
              </div>
              <div
                class="w-1/2"
                style="display: none; transform: translateX(100%) translateZ(0);"
              >
                <p
                  class="text-2xl"
                >
                  Description
                </p>
                <p
                  class="text-xl mt-5"
                >
                  Garfield (voiced by Chris Pratt), the world-famous, Monday-hating, lasagna-loving indoor cat, is about to have a wild outdoor adventure! After an unexpected reunion with his long-lost father – scruffy street cat Vic (voiced by Samuel L. Jackson) – Garfield and his canine friend Odie are forced from their perfectly pampered life into joining Vic in a hilarious, high-stakes heist.
                </p>
                <p
                  class="text-2xl mt-5"
                >
                  Cast
                </p>
                <p
                  class="text-xl mt-5"
                >
                  Ving Rhames,Harvey Guillén,Hannah Waddingham,Bowen Yang,Brett Goldstein, Cecily Strong,Samuel L. Jackson,Chris Pratt,Nicholas Hoult
                </p>
                <p
                  class="text-2xl mt-5"
                >
                  Genres
                </p>
                <p
                  class="text-xl mt-5"
                >
                  Animation,Comedy,Family
                </p>
              </div>
            </div>
          </div>
        </div>
      </div>
    </div>
  </body>,
  "container": <div>
    <div
      class="flex flex-col h-screen"
    >
      <div
        class="h-[60px]"
      >
        <div
          class="flex justify-between items-center bg-blue-500 h-full p-2"
        >
          <a
            class="ms-5 flex items-center"
            href="/"
          >
            <img
              class="w-[40px]"
              src="/images/film-roll.png"
            />
            <h1
              class="ms-3 text-2xl font-bold text-blue-900"
            >
              Cinema
            </h1>
          </a>
          <div
            class="me-5"
          >
            <a
              class="text-white hover:text-white hover:underline me-5 bg-transparent p-2"
              href="/"
            >
              Home
            </a>
            <a
              class="text-white hover:text-white hover:underline me-5 bg-transparent p-2"
              href="/favorites"
            >
              Favorites
            </a>
          </div>
        </div>
      </div>
      <div
        class="h-full"
      >
        <div
          class="text-white min-h-full"
        >
          <h1
            class="text-center bg-blue-900 w-full mb-5 p-5"
            style="transform: translateY(-100%) translateZ(0);"
          >
            The Garfield Movie
          </h1>
          <div
            class="flex justify-around pb-6 overflow-hidden"
          >
            <div
              style="display: none; transform: translateX(-100%) translateZ(0);"
            >
              <img
                class="rounded-lg w-[220px] h-[350px]"
                src="/images/the-garfield-movie.jpg"
              />
              <p
                class="m-2"
              >
                Runtime: 
                1h 41m
              </p>
              <p
                class="m-2"
              >
                Release Date: 
                24 May 2024
              </p>
            </div>
            <div
              class="w-1/2"
              style="display: none; transform: translateX(100%) translateZ(0);"
            >
              <p
                class="text-2xl"
              >
                Description
              </p>
              <p
                class="text-xl mt-5"
              >
                Garfield (voiced by Chris Pratt), the world-famous, Monday-hating, lasagna-loving indoor cat, is about to have a wild outdoor adventure! After an unexpected reunion with his long-lost father – scruffy street cat Vic (voiced by Samuel L. Jackson) – Garfield and his canine friend Odie are forced from their perfectly pampered life into joining Vic in a hilarious, high-stakes heist.
              </p>
              <p
                class="text-2xl mt-5"
              >
                Cast
              </p>
              <p
                class="text-xl mt-5"
              >
                Ving Rhames,Harvey Guillén,Hannah Waddingham,Bowen Yang,Brett Goldstein, Cecily Strong,Samuel L. Jackson,Chris Pratt,Nicholas Hoult
              </p>
              <p
                class="text-2xl mt-5"
              >
                Genres
              </p>
              <p
                class="text-xl mt-5"
              >
                Animation,Comedy,Family
              </p>
            </div>
          </div>
        </div>
      </div>
    </div>
  </div>,
  "debug": [Function],
  "findAllByAltText": [Function],
  "findAllByDisplayValue": [Function],
  "findAllByLabelText": [Function],
  "findAllByPlaceholderText": [Function],
  "findAllByRole": [Function],
  "findAllByTestId": [Function],
  "findAllByText": [Function],
  "findAllByTitle": [Function],
  "findByAltText": [Function],
  "findByDisplayValue": [Function],
  "findByLabelText": [Function],
  "findByPlaceholderText": [Function],
  "findByRole": [Function],
  "findByTestId": [Function],
  "findByText": [Function],
  "findByTitle": [Function],
  "getAllByAltText": [Function],
  "getAllByDisplayValue": [Function],
  "getAllByLabelText": [Function],
  "getAllByPlaceholderText": [Function],
  "getAllByRole": [Function],
  "getAllByTestId": [Function],
  "getAllByText": [Function],
  "getAllByTitle": [Function],
  "getByAltText": [Function],
  "getByDisplayValue": [Function],
  "getByLabelText": [Function],
  "getByPlaceholderText": [Function],
  "getByRole": [Function],
  "getByTestId": [Function],
  "getByText": [Function],
  "getByTitle": [Function],
  "queryAllByAltText": [Function],
  "queryAllByDisplayValue": [Function],
  "queryAllByLabelText": [Function],
  "queryAllByPlaceholderText": [Function],
  "queryAllByRole": [Function],
  "queryAllByTestId": [Function],
  "queryAllByText": [Function],
  "queryAllByTitle": [Function],
  "queryByAltText": [Function],
  "queryByDisplayValue": [Function],
  "queryByLabelText": [Function],
  "queryByPlaceholderText": [Function],
  "queryByRole": [Function],
  "queryByTestId": [Function],
  "queryByText": [Function],
  "queryByTitle": [Function],
  "rerender": [Function],
  "unmount": [Function],
}
`;
