// Vitest Snapshot v1, https://vitest.dev/guide/snapshot.html

exports[`should render Header component 1`] = `
{
  "asFragment": [Function],
  "baseElement": <body>
    <div>
      <div
        class="flex justify-between items-center bg-blue-500 h-full p-2"
      >
        <div
          class="ms-5 flex items-center"
        >
          <img
            class="w-[40px]"
            src="/images/film-roll.png"
          />
          <h1
            class="ms-3 text-2xl font-bold text-blue-900"
          >
            Cinema
          </h1>
        </div>
        <div
          class="me-5"
        >
          <a
            class="text-white hover:text-white hover:underline me-5"
            href="/"
          >
            Home
          </a>
          <a
            class="text-white hover:text-white hover:underline me-5"
            href="/favorites"
          >
            Favorites
          </a>
        </div>
      </div>
    </div>
  </body>,
  "container": <div>
    <div
      class="flex justify-between items-center bg-blue-500 h-full p-2"
    >
      <div
        class="ms-5 flex items-center"
      >
        <img
          class="w-[40px]"
          src="/images/film-roll.png"
        />
        <h1
          class="ms-3 text-2xl font-bold text-blue-900"
        >
          Cinema
        </h1>
      </div>
      <div
        class="me-5"
      >
        <a
          class="text-white hover:text-white hover:underline me-5"
          href="/"
        >
          Home
        </a>
        <a
          class="text-white hover:text-white hover:underline me-5"
          href="/favorites"
        >
          Favorites
        </a>
      </div>
    </div>
  </div>,
  "debug": [Function],
  "findAllByAltText": [Function],
  "findAllByDisplayValue": [Function],
  "findAllByLabelText": [Function],
  "findAllByPlaceholderText": [Function],
  "findAllByRole": [Function],
  "findAllByTestId": [Function],
  "findAllByText": [Function],
  "findAllByTitle": [Function],
  "findByAltText": [Function],
  "findByDisplayValue": [Function],
  "findByLabelText": [Function],
  "findByPlaceholderText": [Function],
  "findByRole": [Function],
  "findByTestId": [Function],
  "findByText": [Function],
  "findByTitle": [Function],
  "getAllByAltText": [Function],
  "getAllByDisplayValue": [Function],
  "getAllByLabelText": [Function],
  "getAllByPlaceholderText": [Function],
  "getAllByRole": [Function],
  "getAllByTestId": [Function],
  "getAllByText": [Function],
  "getAllByTitle": [Function],
  "getByAltText": [Function],
  "getByDisplayValue": [Function],
  "getByLabelText": [Function],
  "getByPlaceholderText": [Function],
  "getByRole": [Function],
  "getByTestId": [Function],
  "getByText": [Function],
  "getByTitle": [Function],
  "queryAllByAltText": [Function],
  "queryAllByDisplayValue": [Function],
  "queryAllByLabelText": [Function],
  "queryAllByPlaceholderText": [Function],
  "queryAllByRole": [Function],
  "queryAllByTestId": [Function],
  "queryAllByText": [Function],
  "queryAllByTitle": [Function],
  "queryByAltText": [Function],
  "queryByDisplayValue": [Function],
  "queryByLabelText": [Function],
  "queryByPlaceholderText": [Function],
  "queryByRole": [Function],
  "queryByTestId": [Function],
  "queryByText": [Function],
  "queryByTitle": [Function],
  "rerender": [Function],
  "unmount": [Function],
}
`;
