// Vitest Snapshot v1, https://vitest.dev/guide/snapshot.html

exports[`should render Carousel component 1`] = `
{
  "asFragment": [Function],
  "baseElement": <body>
    <div>
      <div
        class="carousel-root"
        tabindex="0"
      >
        <div
          class="carousel carousel-slider"
          style="width: 100%;"
        >
          <ul
            class="control-dots"
          >
            <li
              aria-label="slide item 1"
              class="dot selected"
              role="button"
              tabindex="0"
              value="0"
            />
          </ul>
          <button
            aria-label="previous slide / item"
            class="control-arrow control-prev control-disabled"
            type="button"
          />
          <div
            class="slider-wrapper axis-horizontal"
          >
            <ul
              class="slider animated"
              style="-webkit-transform: translate3d(-100%,0,0); transform: translate3d(-100%,0,0); transition-duration: 350ms;"
            >
              <li
                class="slide selected previous"
              >
                <div>
                  <img
                    src="image-1.jpg"
                  />
                  <div
                    class="legend hidden md:block"
                  >
                    <p>
                      content
                    </p>
                  </div>
                </div>
              </li>
              <li
                class="slide selected previous"
              >
                <div>
                  <img
                    src="image-1.jpg"
                  />
                  <div
                    class="legend hidden md:block"
                  >
                    <p>
                      content
                    </p>
                  </div>
                </div>
              </li>
            </ul>
          </div>
          <button
            aria-label="next slide / item"
            class="control-arrow control-next control-disabled"
            type="button"
          />
          <p
            class="carousel-status"
          >
            1 of 1
          </p>
        </div>
      </div>
    </div>
  </body>,
  "container": <div>
    <div
      class="carousel-root"
      tabindex="0"
    >
      <div
        class="carousel carousel-slider"
        style="width: 100%;"
      >
        <ul
          class="control-dots"
        >
          <li
            aria-label="slide item 1"
            class="dot selected"
            role="button"
            tabindex="0"
            value="0"
          />
        </ul>
        <button
          aria-label="previous slide / item"
          class="control-arrow control-prev control-disabled"
          type="button"
        />
        <div
          class="slider-wrapper axis-horizontal"
        >
          <ul
            class="slider animated"
            style="-webkit-transform: translate3d(-100%,0,0); transform: translate3d(-100%,0,0); transition-duration: 350ms;"
          >
            <li
              class="slide selected previous"
            >
              <div>
                <img
                  src="image-1.jpg"
                />
                <div
                  class="legend hidden md:block"
                >
                  <p>
                    content
                  </p>
                </div>
              </div>
            </li>
            <li
              class="slide selected previous"
            >
              <div>
                <img
                  src="image-1.jpg"
                />
                <div
                  class="legend hidden md:block"
                >
                  <p>
                    content
                  </p>
                </div>
              </div>
            </li>
          </ul>
        </div>
        <button
          aria-label="next slide / item"
          class="control-arrow control-next control-disabled"
          type="button"
        />
        <p
          class="carousel-status"
        >
          1 of 1
        </p>
      </div>
    </div>
  </div>,
  "debug": [Function],
  "findAllByAltText": [Function],
  "findAllByDisplayValue": [Function],
  "findAllByLabelText": [Function],
  "findAllByPlaceholderText": [Function],
  "findAllByRole": [Function],
  "findAllByTestId": [Function],
  "findAllByText": [Function],
  "findAllByTitle": [Function],
  "findByAltText": [Function],
  "findByDisplayValue": [Function],
  "findByLabelText": [Function],
  "findByPlaceholderText": [Function],
  "findByRole": [Function],
  "findByTestId": [Function],
  "findByText": [Function],
  "findByTitle": [Function],
  "getAllByAltText": [Function],
  "getAllByDisplayValue": [Function],
  "getAllByLabelText": [Function],
  "getAllByPlaceholderText": [Function],
  "getAllByRole": [Function],
  "getAllByTestId": [Function],
  "getAllByText": [Function],
  "getAllByTitle": [Function],
  "getByAltText": [Function],
  "getByDisplayValue": [Function],
  "getByLabelText": [Function],
  "getByPlaceholderText": [Function],
  "getByRole": [Function],
  "getByTestId": [Function],
  "getByText": [Function],
  "getByTitle": [Function],
  "queryAllByAltText": [Function],
  "queryAllByDisplayValue": [Function],
  "queryAllByLabelText": [Function],
  "queryAllByPlaceholderText": [Function],
  "queryAllByRole": [Function],
  "queryAllByTestId": [Function],
  "queryAllByText": [Function],
  "queryAllByTitle": [Function],
  "queryByAltText": [Function],
  "queryByDisplayValue": [Function],
  "queryByLabelText": [Function],
  "queryByPlaceholderText": [Function],
  "queryByRole": [Function],
  "queryByTestId": [Function],
  "queryByText": [Function],
  "queryByTitle": [Function],
  "rerender": [Function],
  "unmount": [Function],
}
`;
